// Jest Snapshot v1, https://goo.gl/fbAQLP

exports[`OrganizationShow it renders 1`] = `
<div>
  <div
    className="container"
  >
    <div
      className="flex flex-wrap items-start mb2"
    >
      <h1
        className="h1 p0 m0 regular line-height-1 inline-block"
      >
        Pipelines
      </h1>
      <span
        className="ml4"
        style={
          Object {
            "position": "relative",
          }
        }
      >
        <button
          className="h3 px0 py1 m0 light dark-gray inline-block btn"
          style={
            Object {
              "fontSize": 16,
            }
          }
        >
          <div
            className="flex"
          >
            <span
              className="flex items-center"
            >
              <span
                className="truncate"
              >
                All teams
              </span>
            </span>
            <span
              className="flex items-center"
            >
              <svg
                dangerouslySetInnerHTML={
                  Object {
                    "__html": undefined,
                  }
                }
                height="20px"
                style={
                  Object {
                    "fill": "currentColor",
                    "height": 8,
                    "marginLeft": ".5em",
                    "verticalAlign": "middle",
                    "width": 8,
                  }
                }
                viewBox="0 0 20 20"
                width="20px"
              />
            </span>
          </div>
        </button>
      </span>
      <div
        className="relative dark-gray light flex-auto sc-EHOje hAGMXy"
      >
        <svg
          className="absolute pointer-events-none"
          dangerouslySetInnerHTML={
            Object {
              "__html": undefined,
            }
          }
          height="20px"
          style={
            Object {
              "color": "currentColor",
              "fill": "currentColor",
              "height": "1em",
              "left": ".75em",
              "top": ".68em",
              "verticalAlign": "middle",
              "width": "1em",
            }
          }
          viewBox="0 0 20 20"
          width="20px"
        />
        <input
          className="input borderless"
          onChange={[Function]}
          placeholder="Filter"
          style={
            Object {
              "margin": 0,
              "paddingLeft": "2em",
            }
          }
          type="text"
          value=""
        />
      </div>
      <a
        className="btn nowrap p0 ml-auto flex circle items-center justify-center btn-outline border-gray hover-black"
        href="/organizations/Hello World/pipelines/new"
        style={
          Object {
            "height": 34,
            "width": 34,
          }
        }
      >
        <svg
          dangerouslySetInnerHTML={
            Object {
              "__html": undefined,
            }
          }
          height="20px"
          style={
            Object {
              "fill": "currentColor",
              "verticalAlign": "middle",
            }
          }
          viewBox="0 0 20 20"
          width="20px"
        />
      </a>
    </div>
    <div>
      <div
        className="flex items-stretch border border-gray rounded px2 mb2"
        style={
          Object {
            "height": 82,
          }
        }
      >
        <div
          className="flex flex-none items-center pl2 pr2"
        >
          <svg
            height={32}
            viewBox="0 0 32 32"
            width={32}
          >
            <defs>
              <circle
                cx="16"
                cy="16"
                fill="none"
                id="BuildState_4c03d7c9-4853-4e63-9180-9f834e007ebf_circle"
                r="15"
                stroke="#cdcccc"
                strokeWidth={4}
              />
              <clipPath
                id="BuildState_4c03d7c9-4853-4e63-9180-9f834e007ebf_strokeClipPath"
              >
                <use
                  xlinkHref="#BuildState_4c03d7c9-4853-4e63-9180-9f834e007ebf_circle"
                />
              </clipPath>
            </defs>
            <use
              clipPath="url(#BuildState_4c03d7c9-4853-4e63-9180-9f834e007ebf_strokeClipPath)"
              xlinkHref="#BuildState_4c03d7c9-4853-4e63-9180-9f834e007ebf_circle"
            />
            <path
              d="M11,16H21"
              fill="none"
              stroke="#cdcccc"
              strokeWidth={2}
            />
          </svg>
        </div>
        <a
          className="flex flex-auto items-center px2 text-decoration-none color-inherit mr3"
          href="Hello World"
        >
          <div
            className="truncate"
          >
            <h2
              className="inline h3 regular m0 line-height-2"
            >
              <span>
                Foobar
              </span>
            </h2>
            <div
              className="truncate dark-gray"
              style={
                Object {
                  "marginTop": 3,
                }
              }
            >
              <span
                className="h4 regular"
              >
                OMGOMGOMGOMGOMGOGMGMG,
              </span>
            </div>
          </div>
        </a>
        <div
          className="flex items-center flex-none ml3 xs-hide sm-hide pr4"
        >
          <div
            style={
              Object {
                "width": 239,
              }
            }
          >
            <div
              className="h6 regular dark-gray mb1 line-height-1"
            >
              Hello World
            </div>
            <div
              className="flex"
              style={
                Object {
                  "height": 35,
                }
              }
            >
              <div
                className="bg-gray animation-loading-bar"
                style={
                  Object {
                    "height": 3,
                    "marginTop": "auto",
                    "width": "100%",
                  }
                }
              />
            </div>
          </div>
        </div>
        <div
          className="flex flex-none items-center justify-start xs-hide ml2"
        >
          <div
            className="flex items-center"
          >
            <a
              className="flex flex-column text-decoration-none color-inherit"
              href="Hello World"
              style={
                Object {
                  "width": "7em",
                }
              }
            >
              <span
                className="h6 regular dark-gray truncate"
              >
                4cd0f5c3-14fa-4ac7-8973-920e2b93a3c7
              </span>
              <span
                className="h1 light m0 line-height-1 truncate"
              >
                Hello World
              </span>
            </a>
            <a
              className="flex flex-column text-decoration-none color-inherit"
              href="Hello World"
              style={
                Object {
                  "width": "7em",
                }
              }
            >
              <span
                className="h6 regular dark-gray truncate"
              >
                7f84167a-456b-4633-ba3d-b1297ff506d1
              </span>
              <span
                className="h1 light m0 line-height-1 truncate"
              >
                Hello World
              </span>
            </a>
          </div>
        </div>
        <div
          className="flex flex-none flex-column justify-center ml-auto pr2"
        >
          <button
            className="btn p0 dark-gray line-height-1"
            onClick={[Function]}
          >
            <svg
              className="sc-bdVaJa daifPi"
              height="15px"
              viewBox="0 0 16 15"
              width="20px"
            >
              <title>
                Favorite
              </title>
              <g
                className="star"
                transform="translate(-1103, -19)"
              >
                <polygon
                  points="1111 31 1106.29772 33.472136 1107.19577 28.236068 1103.39155 24.527864 1108.64886 23.763932 1111 19 1113.35114 23.763932 1118.60845 24.527864 1114.80423 28.236068 1115.70228 33.472136"
                />
              </g>
            </svg>
          </button>
        </div>
      </div>
      <hr
        className="my4 bg-gray mx-auto max-width-1 border-none height-0"
        style={
          Object {
            "height": 1,
          }
        }
      />
      <div
        className="flex items-stretch border border-gray rounded px2 mb2"
        style={
          Object {
            "height": 82,
          }
        }
      >
        <div
          className="flex flex-none items-center pl2 pr2"
        >
          <svg
            height={32}
            viewBox="0 0 32 32"
            width={32}
          >
            <defs>
              <circle
                cx="16"
                cy="16"
                fill="none"
                id="BuildState_7694c2c9-aad9-4b8e-9206-b9ae21247a3f_circle"
                r="15"
                stroke="#cdcccc"
                strokeWidth={4}
              />
              <clipPath
                id="BuildState_7694c2c9-aad9-4b8e-9206-b9ae21247a3f_strokeClipPath"
              >
                <use
                  xlinkHref="#BuildState_7694c2c9-aad9-4b8e-9206-b9ae21247a3f_circle"
                />
              </clipPath>
            </defs>
            <use
              clipPath="url(#BuildState_7694c2c9-aad9-4b8e-9206-b9ae21247a3f_strokeClipPath)"
              xlinkHref="#BuildState_7694c2c9-aad9-4b8e-9206-b9ae21247a3f_circle"
            />
            <path
              d="M11,16H21"
              fill="none"
              stroke="#cdcccc"
              strokeWidth={2}
            />
          </svg>
        </div>
        <a
          className="flex flex-auto items-center px2 text-decoration-none color-inherit mr3"
          href="Hello World"
        >
          <div
            className="truncate"
          >
            <h2
              className="inline h3 regular m0 line-height-2"
            >
              <span>
                Foobar
              </span>
            </h2>
            <div
              className="truncate dark-gray"
              style={
                Object {
                  "marginTop": 3,
                }
              }
            >
              <span
                className="h4 regular"
              >
                OMGOMGOMGOMGOMGOGMGMG,
              </span>
            </div>
          </div>
        </a>
        <div
          className="flex items-center flex-none ml3 xs-hide sm-hide pr4"
        >
          <div
            style={
              Object {
                "width": 239,
              }
            }
          >
            <div
              className="h6 regular dark-gray mb1 line-height-1"
            >
              Hello World
            </div>
            <div
              className="flex"
              style={
                Object {
                  "height": 35,
                }
              }
            >
              <div
                className="bg-gray animation-loading-bar"
                style={
                  Object {
                    "height": 3,
                    "marginTop": "auto",
                    "width": "100%",
                  }
                }
              />
            </div>
          </div>
        </div>
        <div
          className="flex flex-none items-center justify-start xs-hide ml2"
        >
          <div
            className="flex items-center"
          >
            <a
              className="flex flex-column text-decoration-none color-inherit"
              href="Hello World"
              style={
                Object {
                  "width": "7em",
                }
              }
            >
              <span
                className="h6 regular dark-gray truncate"
              >
                57b36496-afbe-4df7-af76-57493e24dd37
              </span>
              <span
                className="h1 light m0 line-height-1 truncate"
              >
                Hello World
              </span>
            </a>
            <a
              className="flex flex-column text-decoration-none color-inherit"
              href="Hello World"
              style={
                Object {
                  "width": "7em",
                }
              }
            >
              <span
                className="h6 regular dark-gray truncate"
              >
                c1ab5151-e3e2-4d97-983a-90df841ee7f4
              </span>
              <span
                className="h1 light m0 line-height-1 truncate"
              >
                Hello World
              </span>
            </a>
          </div>
        </div>
        <div
          className="flex flex-none flex-column justify-center ml-auto pr2"
        >
          <button
            className="btn p0 dark-gray line-height-1"
            onClick={[Function]}
          >
            <svg
              className="sc-bdVaJa ixRRAY"
              height="15px"
              viewBox="0 0 16 15"
              width="20px"
            >
              <title>
                Favorite
              </title>
              <g
                className="star"
                transform="translate(-1103, -19)"
              >
                <polygon
                  points="1111 31 1106.29772 33.472136 1107.19577 28.236068 1103.39155 24.527864 1108.64886 23.763932 1111 19 1113.35114 23.763932 1118.60845 24.527864 1114.80423 28.236068 1115.70228 33.472136"
                />
              </g>
            </svg>
          </button>
        </div>
      </div>
    </div>
  </div>
</div>
`;
